Archive member included to satisfy reference by file (symbol)

c:/program files (x86)/atollic/truestudio for stm32 9.3.0/armtools/bin/../lib/gcc/arm-atollic-eabi/6.3.1/../../../../arm-atollic-eabi/lib/armv7e-m/fpu\libc_nano.a(lib_a-errno.o)
                              Src\syscalls.o (__errno)
c:/program files (x86)/atollic/truestudio for stm32 9.3.0/armtools/bin/../lib/gcc/arm-atollic-eabi/6.3.1/../../../../arm-atollic-eabi/lib/armv7e-m/fpu\libc_nano.a(lib_a-impure.o)
                              c:/program files (x86)/atollic/truestudio for stm32 9.3.0/armtools/bin/../lib/gcc/arm-atollic-eabi/6.3.1/../../../../arm-atollic-eabi/lib/armv7e-m/fpu\libc_nano.a(lib_a-errno.o) (_impure_ptr)
c:/program files (x86)/atollic/truestudio for stm32 9.3.0/armtools/bin/../lib/gcc/arm-atollic-eabi/6.3.1/../../../../arm-atollic-eabi/lib/armv7e-m/fpu\libc_nano.a(lib_a-init.o)
                              startup\startup_stm32f303xe.o (__libc_init_array)
c:/program files (x86)/atollic/truestudio for stm32 9.3.0/armtools/bin/../lib/gcc/arm-atollic-eabi/6.3.1/../../../../arm-atollic-eabi/lib/armv7e-m/fpu\libc_nano.a(lib_a-memset.o)
                              Src\main.o (memset)
c:/program files (x86)/atollic/truestudio for stm32 9.3.0/armtools/bin/../lib/gcc/arm-atollic-eabi/6.3.1/armv7e-m/fpu\libgcc.a(_lshrdi3.o)
                              Drivers\STM32F3xx_HAL_Driver\Src\stm32f3xx_hal_flash.o (__aeabi_llsr)
c:/program files (x86)/atollic/truestudio for stm32 9.3.0/armtools/bin/../lib/gcc/arm-atollic-eabi/6.3.1/armv7e-m/fpu\libgcc.a(_arm_addsubdf3.o)
                              Src\main.o (__aeabi_dsub)
c:/program files (x86)/atollic/truestudio for stm32 9.3.0/armtools/bin/../lib/gcc/arm-atollic-eabi/6.3.1/armv7e-m/fpu\libgcc.a(_arm_muldivdf3.o)
                              Src\main.o (__aeabi_dmul)
c:/program files (x86)/atollic/truestudio for stm32 9.3.0/armtools/bin/../lib/gcc/arm-atollic-eabi/6.3.1/armv7e-m/fpu\libgcc.a(_arm_cmpdf2.o)
                              Src\main.o (__aeabi_dcmplt)
c:/program files (x86)/atollic/truestudio for stm32 9.3.0/armtools/bin/../lib/gcc/arm-atollic-eabi/6.3.1/armv7e-m/fpu\libgcc.a(_arm_fixdfsi.o)
                              Src\main.o (__aeabi_d2iz)

Allocating common symbols
Common symbol       size              file

integer             0x4               Src\main.o
turnleft            0x4               Src\main.o
htim8               0x40              Src\main.o
cnt2                0x4               Src\main.o
point2              0x4               Src\main.o
htim4               0x40              Src\main.o
htim15              0x40              Src\main.o
cnt                 0x4               Src\main.o
right               0x8               Src\main.o
uwTick              0x4               Drivers\STM32F3xx_HAL_Driver\Src\stm32f3xx_hal.o
point               0x4               Src\main.o
pFlash              0x20              Drivers\STM32F3xx_HAL_Driver\Src\stm32f3xx_hal_flash.o
htim3               0x40              Src\main.o
left                0x8               Src\main.o
integer1            0x4               Src\main.o
center              0x8               Src\main.o
htim1               0x40              Src\main.o
integer2            0x4               Src\main.o
turnright           0x4               Src\main.o
point1              0x4               Src\main.o
htim2               0x40              Src\main.o
huart2              0x70              Src\main.o
cnt1                0x4               Src\main.o

Discarded input sections

 .text          0x00000000        0x0 c:/program files (x86)/atollic/truestudio for stm32 9.3.0/armtools/bin/../lib/gcc/arm-atollic-eabi/6.3.1/armv7e-m/fpu/crti.o
 .data          0x00000000        0x0 c:/program files (x86)/atollic/truestudio for stm32 9.3.0/armtools/bin/../lib/gcc/arm-atollic-eabi/6.3.1/armv7e-m/fpu/crti.o
 .bss           0x00000000        0x0 c:/program files (x86)/atollic/truestudio for stm32 9.3.0/armtools/bin/../lib/gcc/arm-atollic-eabi/6.3.1/armv7e-m/fpu/crti.o
 .data          0x00000000        0x4 c:/program files (x86)/atollic/truestudio for stm32 9.3.0/armtools/bin/../lib/gcc/arm-atollic-eabi/6.3.1/armv7e-m/fpu/crtbegin.o
 .text          0x00000000        0x0 Drivers\STM32F3xx_HAL_Driver\Src\stm32f3xx_hal.o
 .data          0x00000000        0x0 Drivers\STM32F3xx_HAL_Driver\Src\stm32f3xx_hal.o
 .bss           0x00000000        0x0 Drivers\STM32F3xx_HAL_Driver\Src\stm32f3xx_hal.o
 .text.HAL_MspInit
                0x00000000        0x2 Drivers\STM32F3xx_HAL_Driver\Src\stm32f3xx_hal.o
 .text.HAL_MspDeInit
                0x00000000        0x2 Drivers\STM32F3xx_HAL_Driver\Src\stm32f3xx_hal.o
 .text.HAL_DeInit
                0x00000000       0x24 Drivers\STM32F3xx_HAL_Driver\Src\stm32f3xx_hal.o
 .text.HAL_GetTickPrio
                0x00000000        0xc Drivers\STM32F3xx_HAL_Driver\Src\stm32f3xx_hal.o
 .text.HAL_SetTickFreq
                0x00000000       0x24 Drivers\STM32F3xx_HAL_Driver\Src\stm32f3xx_hal.o
[...]
Memory Configuration

Name             Origin             Length             Attributes
RAM              0x20000000         0x00010000         xrw
CCMRAM           0x10000000         0x00004000         rw
FLASH            0x08000000         0x00080000         xr
*default*        0x00000000         0xffffffff

Linker script and memory map

LOAD c:/program files (x86)/atollic/truestudio for stm32 9.3.0/armtools/bin/../lib/gcc/arm-atollic-eabi/6.3.1/armv7e-m/fpu/crti.o
LOAD c:/program files (x86)/atollic/truestudio for stm32 9.3.0/armtools/bin/../lib/gcc/arm-atollic-eabi/6.3.1/armv7e-m/fpu/crtbegin.o
LOAD Drivers\STM32F3xx_HAL_Driver\Src\stm32f3xx_hal.o
LOAD Drivers\STM32F3xx_HAL_Driver\Src\stm32f3xx_hal_cortex.o
LOAD Drivers\STM32F3xx_HAL_Driver\Src\stm32f3xx_hal_dma.o
LOAD Drivers\STM32F3xx_HAL_Driver\Src\stm32f3xx_hal_flash.o
LOAD Drivers\STM32F3xx_HAL_Driver\Src\stm32f3xx_hal_flash_ex.o
LOAD Drivers\STM32F3xx_HAL_Driver\Src\stm32f3xx_hal_gpio.o
LOAD Drivers\STM32F3xx_HAL_Driver\Src\stm32f3xx_hal_i2c.o
LOAD Drivers\STM32F3xx_HAL_Driver\Src\stm32f3xx_hal_i2c_ex.o
LOAD Drivers\STM32F3xx_HAL_Driver\Src\stm32f3xx_hal_pwr.o
LOAD Drivers\STM32F3xx_HAL_Driver\Src\stm32f3xx_hal_pwr_ex.o
LOAD Drivers\STM32F3xx_HAL_Driver\Src\stm32f3xx_hal_rcc.o
LOAD Drivers\STM32F3xx_HAL_Driver\Src\stm32f3xx_hal_rcc_ex.o
LOAD Drivers\STM32F3xx_HAL_Driver\Src\stm32f3xx_hal_tim.o
LOAD Drivers\STM32F3xx_HAL_Driver\Src\stm32f3xx_hal_tim_ex.o
LOAD Drivers\STM32F3xx_HAL_Driver\Src\stm32f3xx_hal_uart.o
LOAD Drivers\STM32F3xx_HAL_Driver\Src\stm32f3xx_hal_uart_ex.o
LOAD Src\main.o
LOAD Src\stm32f3xx_hal_msp.o
LOAD Src\stm32f3xx_it.o
LOAD Src\syscalls.o
LOAD Src\system_stm32f3xx.o
LOAD startup\startup_stm32f303xe.o
                0x00000080                malloc_getpagesize_P = 0x80
START GROUP
LOAD c:/program files (x86)/atollic/truestudio for stm32 9.3.0/armtools/bin/../lib/gcc/arm-atollic-eabi/6.3.1/../../../../arm-atollic-eabi/lib/armv7e-m/fpu\libc_nano.a
LOAD c:/program files (x86)/atollic/truestudio for stm32 9.3.0/armtools/bin/../lib/gcc/arm-atollic-eabi/6.3.1/../../../../arm-atollic-eabi/lib/armv7e-m/fpu\libm.a
END GROUP
START GROUP
LOAD c:/program files (x86)/atollic/truestudio for stm32 9.3.0/armtools/bin/../lib/gcc/arm-atollic-eabi/6.3.1/armv7e-m/fpu\libgcc.a
LOAD c:/program files (x86)/atollic/truestudio for stm32 9.3.0/armtools/bin/../lib/gcc/arm-atollic-eabi/6.3.1/../../../../arm-atollic-eabi/lib/armv7e-m/fpu\libc_nano.a
END GROUP
START GROUP
LOAD c:/program files (x86)/atollic/truestudio for stm32 9.3.0/armtools/bin/../lib/gcc/arm-atollic-eabi/6.3.1/armv7e-m/fpu\libgcc.a
LOAD c:/program files (x86)/atollic/truestudio for stm32 9.3.0/armtools/bin/../lib/gcc/arm-atollic-eabi/6.3.1/../../../../arm-atollic-eabi/lib/armv7e-m/fpu\libc_nano.a
LOAD c:/program files (x86)/atollic/truestudio for stm32 9.3.0/armtools/bin/../lib/gcc/arm-atollic-eabi/6.3.1/../../../../arm-atollic-eabi/lib/armv7e-m/fpu\libnosys.a
END GROUP
START GROUP
LOAD c:/program files (x86)/atollic/truestudio for stm32 9.3.0/armtools/bin/../lib/gcc/arm-atollic-eabi/6.3.1/armv7e-m/fpu\libgcc.a
LOAD c:/program files (x86)/atollic/truestudio for stm32 9.3.0/armtools/bin/../lib/gcc/arm-atollic-eabi/6.3.1/../../../../arm-atollic-eabi/lib/armv7e-m/fpu\libc_nano.a
LOAD c:/program files (x86)/atollic/truestudio for stm32 9.3.0/armtools/bin/../lib/gcc/arm-atollic-eabi/6.3.1/../../../../arm-atollic-eabi/lib/armv7e-m/fpu\libnosys.a
END GROUP
LOAD c:/program files (x86)/atollic/truestudio for stm32 9.3.0/armtools/bin/../lib/gcc/arm-atollic-eabi/6.3.1/armv7e-m/fpu/crtend.o
LOAD c:/program files (x86)/atollic/truestudio for stm32 9.3.0/armtools/bin/../lib/gcc/arm-atollic-eabi/6.3.1/armv7e-m/fpu/crtn.o
                0x20010000                _estack = 0x20010000
                0x00000200                _Min_Heap_Size = 0x200
                0x00000400                _Min_Stack_Size = 0x400

.isr_vector     0x08000000      0x194
                0x08000000                . = ALIGN (0x4)
 *(.isr_vector)
 .isr_vector    0x08000000      0x194 startup\startup_stm32f303xe.o
                0x08000000                g_pfnVectors
                0x08000194                . = ALIGN (0x4)

.text           0x08000194     0x2f04
                0x08000194                . = ALIGN (0x4)
 *(.text)
 .text          0x08000194       0x40 c:/program files (x86)/atollic/truestudio for stm32 9.3.0/armtools/bin/../lib/gcc/arm-atollic-eabi/6.3.1/armv7e-m/fpu/crtbegin.o
 .text          0x080001d4      0x370 c:/program files (x86)/atollic/truestudio for stm32 9.3.0/armtools/bin/../lib/gcc/arm-atollic-eabi/6.3.1/armv7e-m/fpu\libgcc.a(_arm_addsubdf3.o)
                0x080001d4                __aeabi_drsub
                0x080001dc                __aeabi_dsub
                0x080001dc                __subdf3
                0x080001e0                __aeabi_dadd
                0x080001e0                __adddf3
                0x08000458                __floatunsidf
                0x08000458                __aeabi_ui2d
                0x08000478                __floatsidf
                0x08000478                __aeabi_i2d
                0x0800049c                __aeabi_f2d
                0x0800049c                __extendsfdf2
                0x080004d8                __floatundidf
                0x080004d8                __aeabi_ul2d
                0x080004e8                __floatdidf
                0x080004e8                __aeabi_l2d
 .text          0x08000544      0x424 c:/program files (x86)/atollic/truestudio for stm32 9.3.0/armtools/bin/../lib/gcc/arm-atollic-eabi/6.3.1/armv7e-m/fpu\libgcc.a(_arm_muldivdf3.o)
                0x08000544                __aeabi_dmul
                0x08000544                __muldf3
                0x08000798                __divdf3
                0x08000798                __aeabi_ddiv
 .text          0x08000968      0x110 c:/program files (x86)/atollic/truestudio for stm32 9.3.0/armtools/bin/../lib/gcc/arm-atollic-eabi/6.3.1/armv7e-m/fpu\libgcc.a(_arm_cmpdf2.o)
                0x08000968                __gtdf2
                0x08000968                __gedf2
                0x08000970                __ltdf2
                0x08000970                __ledf2
                0x08000978                __nedf2
                0x08000978                __eqdf2
                0x08000978                __cmpdf2
                0x080009f4                __aeabi_cdrcmple
                0x08000a04                __aeabi_cdcmpeq
                0x08000a04                __aeabi_cdcmple
                0x08000a14                __aeabi_dcmpeq
                0x08000a28                __aeabi_dcmplt
                0x08000a3c                __aeabi_dcmple
                0x08000a50                __aeabi_dcmpge
                0x08000a64                __aeabi_dcmpgt
 .text          0x08000a78       0x50 c:/program files (x86)/atollic/truestudio for stm32 9.3.0/armtools/bin/../lib/gcc/arm-atollic-eabi/6.3.1/armv7e-m/fpu\libgcc.a(_arm_fixdfsi.o)
                0x08000a78                __aeabi_d2iz
                0x08000a78                __fixdfsi
 *(.text*)
 .text.HAL_InitTick
                0x08000ac8       0x48 Drivers\STM32F3xx_HAL_Driver\Src\stm32f3xx_hal.o
                0x08000ac8                HAL_InitTick
 .text.HAL_Init
                0x08000b10       0x24 Drivers\STM32F3xx_HAL_Driver\Src\stm32f3xx_hal.o
                0x08000b10                HAL_Init
 .text.HAL_IncTick
                0x08000b34       0x18 Drivers\STM32F3xx_HAL_Driver\Src\stm32f3xx_hal.o
                0x08000b34                HAL_IncTick
 .text.HAL_GetTick
                0x08000b4c        0xc Drivers\STM32F3xx_HAL_Driver\Src\stm32f3xx_hal.o
                0x08000b4c                HAL_GetTick
 .text.HAL_NVIC_SetPriorityGrouping
                0x08000b58       0x24 Drivers\STM32F3xx_HAL_Driver\Src\stm32f3xx_hal_cortex.o
                0x08000b58                HAL_NVIC_SetPriorityGrouping
 .text.HAL_NVIC_SetPriority
                0x08000b7c       0x68 Drivers\STM32F3xx_HAL_Driver\Src\stm32f3xx_hal_cortex.o
                0x08000b7c                HAL_NVIC_SetPriority
 .text.HAL_NVIC_EnableIRQ
                0x08000be4       0x18 Drivers\STM32F3xx_HAL_Driver\Src\stm32f3xx_hal_cortex.o
                0x08000be4                HAL_NVIC_EnableIRQ
 .text.HAL_SYSTICK_Config
                0x08000bfc       0x2c Drivers\STM32F3xx_HAL_Driver\Src\stm32f3xx_hal_cortex.o
                0x08000bfc                HAL_SYSTICK_Config
 .text.HAL_GPIO_Init
                0x08000c28      0x1a0 Drivers\STM32F3xx_HAL_Driver\Src\stm32f3xx_hal_gpio.o
                0x08000c28                HAL_GPIO_Init
 .text.HAL_GPIO_ReadPin
                0x08000dc8        0xc Drivers\STM32F3xx_HAL_Driver\Src\stm32f3xx_hal_gpio.o
                0x08000dc8                HAL_GPIO_ReadPin
 .text.HAL_GPIO_WritePin
                0x08000dd4        0xa Drivers\STM32F3xx_HAL_Driver\Src\stm32f3xx_hal_gpio.o
                0x08000dd4                HAL_GPIO_WritePin
 *fill*         0x08000dde        0x2 
 .text.HAL_RCC_OscConfig
                0x08000de0      0x504 Drivers\STM32F3xx_HAL_Driver\Src\stm32f3xx_hal_rcc.o
                0x08000de0                HAL_RCC_OscConfig
 .text.HAL_RCC_GetSysClockFreq
                0x080012e4       0x58 Drivers\STM32F3xx_HAL_Driver\Src\stm32f3xx_hal_rcc.o
                0x080012e4                HAL_RCC_GetSysClockFreq
 .text.HAL_RCC_ClockConfig
                0x0800133c      0x154 Drivers\STM32F3xx_HAL_Driver\Src\stm32f3xx_hal_rcc.o
                0x0800133c                HAL_RCC_ClockConfig
 .text.HAL_RCC_GetPCLK1Freq
                0x08001490       0x30 Drivers\STM32F3xx_HAL_Driver\Src\stm32f3xx_hal_rcc.o
                0x08001490                HAL_RCC_GetPCLK1Freq
 .text.HAL_RCC_GetPCLK2Freq
                0x080014c0       0x30 Drivers\STM32F3xx_HAL_Driver\Src\stm32f3xx_hal_rcc.o
                0x080014c0                HAL_RCC_GetPCLK2Freq
 .text.HAL_RCCEx_PeriphCLKConfig
                0x080014f0      0x288 Drivers\STM32F3xx_HAL_Driver\Src\stm32f3xx_hal_rcc_ex.o
                0x080014f0                HAL_RCCEx_PeriphCLKConfig
 .text.HAL_TIM_PeriodElapsedCallback
                0x08001778        0x2 Drivers\STM32F3xx_HAL_Driver\Src\stm32f3xx_hal_tim.o
                0x08001778                HAL_TIM_PeriodElapsedCallback
 .text.HAL_TIM_OC_DelayElapsedCallback
                0x0800177a        0x2 Drivers\STM32F3xx_HAL_Driver\Src\stm32f3xx_hal_tim.o
                0x0800177a                HAL_TIM_OC_DelayElapsedCallback
 .text.HAL_TIM_PWM_PulseFinishedCallback
                0x0800177c        0x2 Drivers\STM32F3xx_HAL_Driver\Src\stm32f3xx_hal_tim.o
                0x0800177c                HAL_TIM_PWM_PulseFinishedCallback
 .text.HAL_TIM_TriggerCallback
                0x0800177e        0x2 Drivers\STM32F3xx_HAL_Driver\Src\stm32f3xx_hal_tim.o
                0x0800177e                HAL_TIM_TriggerCallback
 .text.HAL_TIM_IRQHandler
                0x08001780      0x160 Drivers\STM32F3xx_HAL_Driver\Src\stm32f3xx_hal_tim.o
                0x08001780                HAL_TIM_IRQHandler
 .text.TIM_Base_SetConfig
                0x080018e0       0xd4 Drivers\STM32F3xx_HAL_Driver\Src\stm32f3xx_hal_tim.o
                0x080018e0                TIM_Base_SetConfig
 .text.HAL_TIM_PWM_Init
                0x080019b4       0x34 Drivers\STM32F3xx_HAL_Driver\Src\stm32f3xx_hal_tim.o
                0x080019b4                HAL_TIM_PWM_Init
 .text.HAL_TIM_IC_Init
                0x080019e8       0x34 Drivers\STM32F3xx_HAL_Driver\Src\stm32f3xx_hal_tim.o
                0x080019e8                HAL_TIM_IC_Init
 .text.TIM_OC1_SetConfig
                0x08001a1c       0xa8 Drivers\STM32F3xx_HAL_Driver\Src\stm32f3xx_hal_tim.o
                0x08001a1c                TIM_OC1_SetConfig
 .text.TIM_OC2_SetConfig
                0x08001ac4       0x9c Drivers\STM32F3xx_HAL_Driver\Src\stm32f3xx_hal_tim.o
                0x08001ac4                TIM_OC2_SetConfig
 .text.TIM_OC3_SetConfig
                0x08001b60       0x98 Drivers\STM32F3xx_HAL_Driver\Src\stm32f3xx_hal_tim.o
                0x08001b60                TIM_OC3_SetConfig
 .text.TIM_OC4_SetConfig
                0x08001bf8       0x70 Drivers\STM32F3xx_HAL_Driver\Src\stm32f3xx_hal_tim.o
                0x08001bf8                TIM_OC4_SetConfig
 .text.TIM_TI1_SetConfig
                0x08001c68       0x6c Drivers\STM32F3xx_HAL_Driver\Src\stm32f3xx_hal_tim.o
                0x08001c68                TIM_TI1_SetConfig
 .text.HAL_TIM_IC_ConfigChannel
                0x08001cd4      0x110 Drivers\STM32F3xx_HAL_Driver\Src\stm32f3xx_hal_tim.o
                0x08001cd4                HAL_TIM_IC_ConfigChannel
 .text.TIM_CCxChannelCmd
                0x08001de4       0x18 Drivers\STM32F3xx_HAL_Driver\Src\stm32f3xx_hal_tim.o
                0x08001de4                TIM_CCxChannelCmd
 .text.HAL_TIM_PWM_Start
                0x08001dfc       0x54 Drivers\STM32F3xx_HAL_Driver\Src\stm32f3xx_hal_tim.o
                0x08001dfc                HAL_TIM_PWM_Start
 .text.HAL_TIM_IC_Start_IT
                0x08001e50       0x58 Drivers\STM32F3xx_HAL_Driver\Src\stm32f3xx_hal_tim.o
                0x08001e50                HAL_TIM_IC_Start_IT
 .text.TIM_OC5_SetConfig
                0x08001ea8       0x70 Drivers\STM32F3xx_HAL_Driver\Src\stm32f3xx_hal_tim_ex.o
 .text.TIM_OC6_SetConfig
                0x08001f18       0x70 Drivers\STM32F3xx_HAL_Driver\Src\stm32f3xx_hal_tim_ex.o
 .text.HAL_TIM_PWM_ConfigChannel
                0x08001f88      0x10e Drivers\STM32F3xx_HAL_Driver\Src\stm32f3xx_hal_tim_ex.o
                0x08001f88                HAL_TIM_PWM_ConfigChannel
 *fill*         0x08002096        0x2 
 .text.HAL_TIMEx_MasterConfigSynchronization
                0x08002098       0x54 Drivers\STM32F3xx_HAL_Driver\Src\stm32f3xx_hal_tim_ex.o
                0x08002098                HAL_TIMEx_MasterConfigSynchronization
 .text.HAL_TIMEx_ConfigBreakDeadTime
                0x080020ec       0x8c Drivers\STM32F3xx_HAL_Driver\Src\stm32f3xx_hal_tim_ex.o
                0x080020ec                HAL_TIMEx_ConfigBreakDeadTime
 .text.HAL_TIMEx_CommutationCallback
                0x08002178        0x2 Drivers\STM32F3xx_HAL_Driver\Src\stm32f3xx_hal_tim_ex.o
                0x08002178                HAL_TIMEx_CommutationCallback
 .text.HAL_TIMEx_BreakCallback
                0x0800217a        0x2 Drivers\STM32F3xx_HAL_Driver\Src\stm32f3xx_hal_tim_ex.o
                0x0800217a                HAL_TIMEx_BreakCallback
 .text.HAL_TIMEx_Break2Callback
                0x0800217c        0x2 Drivers\STM32F3xx_HAL_Driver\Src\stm32f3xx_hal_tim_ex.o
                0x0800217c                HAL_TIMEx_Break2Callback
 *fill*         0x0800217e        0x2 
 .text.UART_SetConfig
                0x08002180      0x210 Drivers\STM32F3xx_HAL_Driver\Src\stm32f3xx_hal_uart.o
                0x08002180                UART_SetConfig
 .text.UART_AdvFeatureConfig
                0x08002390       0xa8 Drivers\STM32F3xx_HAL_Driver\Src\stm32f3xx_hal_uart.o
                0x08002390                UART_AdvFeatureConfig
 .text.UART_WaitOnFlagUntilTimeout
                0x08002438       0x62 Drivers\STM32F3xx_HAL_Driver\Src\stm32f3xx_hal_uart.o
                0x08002438                UART_WaitOnFlagUntilTimeout
 .text.UART_CheckIdleState
                0x0800249a       0x64 Drivers\STM32F3xx_HAL_Driver\Src\stm32f3xx_hal_uart.o
                0x0800249a                UART_CheckIdleState
 .text.HAL_UART_Init
                0x080024fe       0x64 Drivers\STM32F3xx_HAL_Driver\Src\stm32f3xx_hal_uart.o
                0x080024fe                HAL_UART_Init
 *fill*         0x08002562        0x2 
 .text.HAL_TIM_IC_CaptureCallback
                0x08002564      0x2c8 Src\main.o
                0x08002564                HAL_TIM_IC_CaptureCallback
 .text.SystemClock_Config
                0x0800282c       0x6c Src\main.o
                0x0800282c                SystemClock_Config
 .text.startup.main
                0x08002898      0x3b0 Src\main.o
                0x08002898                main
 .text.HAL_MspInit
                0x08002c48       0x38 Src\stm32f3xx_hal_msp.o
                0x08002c48                HAL_MspInit
 .text.HAL_TIM_PWM_MspInit
                0x08002c80       0x7c Src\stm32f3xx_hal_msp.o
                0x08002c80                HAL_TIM_PWM_MspInit
 .text.HAL_TIM_IC_MspInit
                0x08002cfc      0x118 Src\stm32f3xx_hal_msp.o
                0x08002cfc                HAL_TIM_IC_MspInit
 .text.HAL_TIM_MspPostInit
                0x08002e14       0xb0 Src\stm32f3xx_hal_msp.o
                0x08002e14                HAL_TIM_MspPostInit
 .text.HAL_UART_MspInit
                0x08002ec4       0x60 Src\stm32f3xx_hal_msp.o
                0x08002ec4                HAL_UART_MspInit
 .text.NMI_Handler
                0x08002f24        0x2 Src\stm32f3xx_it.o
                0x08002f24                NMI_Handler
 .text.HardFault_Handler
                0x08002f26        0x2 Src\stm32f3xx_it.o
                0x08002f26                HardFault_Handler
 .text.MemManage_Handler
                0x08002f28        0x2 Src\stm32f3xx_it.o
                0x08002f28                MemManage_Handler
 .text.BusFault_Handler
                0x08002f2a        0x2 Src\stm32f3xx_it.o
                0x08002f2a                BusFault_Handler
 .text.UsageFault_Handler
                0x08002f2c        0x2 Src\stm32f3xx_it.o
                0x08002f2c                UsageFault_Handler
 .text.SVC_Handler
                0x08002f2e        0x2 Src\stm32f3xx_it.o
                0x08002f2e                SVC_Handler
 .text.DebugMon_Handler
                0x08002f30        0x2 Src\stm32f3xx_it.o
                0x08002f30                DebugMon_Handler
 .text.PendSV_Handler
                0x08002f32        0x2 Src\stm32f3xx_it.o
                0x08002f32                PendSV_Handler
 .text.SysTick_Handler
                0x08002f34        0x4 Src\stm32f3xx_it.o
                0x08002f34                SysTick_Handler
 .text.TIM1_BRK_TIM15_IRQHandler
                0x08002f38       0x1c Src\stm32f3xx_it.o
                0x08002f38                TIM1_BRK_TIM15_IRQHandler
 .text.TIM2_IRQHandler
                0x08002f54        0xc Src\stm32f3xx_it.o
                0x08002f54                TIM2_IRQHandler
 .text.TIM3_IRQHandler
                0x08002f60        0xc Src\stm32f3xx_it.o
                0x08002f60                TIM3_IRQHandler
 .text.SystemInit
                0x08002f6c       0x68 Src\system_stm32f3xx.o
                0x08002f6c                SystemInit
 .text.Reset_Handler
                0x08002fd4       0x50 startup\startup_stm32f303xe.o
                0x08002fd4                Reset_Handler
 .text.Default_Handler
                0x08003024        0x2 startup\startup_stm32f303xe.o
                0x08003024                RTC_Alarm_IRQHandler
                0x08003024                TIM8_TRG_COM_IRQHandler
                0x08003024                TIM8_CC_IRQHandler
                0x08003024                SPI4_IRQHandler
                0x08003024                TIM1_CC_IRQHandler
                0x08003024                USB_HP_IRQHandler
                0x08003024                PVD_IRQHandler
                0x08003024                TAMP_STAMP_IRQHandler
                0x08003024                EXTI3_IRQHandler
                0x08003024                I2C3_ER_IRQHandler
                0x08003024                USB_HP_CAN_TX_IRQHandler
                0x08003024                EXTI0_IRQHandler
                0x08003024                I2C2_EV_IRQHandler
                0x08003024                FPU_IRQHandler
                0x08003024                TIM1_UP_TIM16_IRQHandler
                0x08003024                ADC1_2_IRQHandler
                0x08003024                SPI1_IRQHandler
                0x08003024                CAN_SCE_IRQHandler
                0x08003024                TIM6_DAC_IRQHandler
                0x08003024                TIM8_UP_IRQHandler
                0x08003024                DMA2_Channel2_IRQHandler
                0x08003024                DMA1_Channel4_IRQHandler
                0x08003024                TIM20_TRG_COM_IRQHandler
                0x08003024                USART3_IRQHandler
                0x08003024                DMA1_Channel7_IRQHandler
                0x08003024                UART5_IRQHandler
                0x08003024                ADC3_IRQHandler
                0x08003024                TIM4_IRQHandler
                0x08003024                CAN_RX1_IRQHandler
                0x08003024                DMA2_Channel1_IRQHandler
                0x08003024                I2C1_EV_IRQHandler
                0x08003024                DMA1_Channel6_IRQHandler
                0x08003024                UART4_IRQHandler
                0x08003024                DMA2_Channel4_IRQHandler
                0x08003024                RCC_IRQHandler
                0x08003024                TIM20_UP_IRQHandler
                0x08003024                DMA1_Channel1_IRQHandler
                0x08003024                Default_Handler
                0x08003024                USBWakeUp_RMP_IRQHandler
                0x08003024                EXTI15_10_IRQHandler
                0x08003024                TIM7_IRQHandler
                0x08003024                I2C3_EV_IRQHandler
                0x08003024                EXTI9_5_IRQHandler
                0x08003024                RTC_WKUP_IRQHandler
                0x08003024                SPI2_IRQHandler
                0x08003024                USB_LP_CAN_RX0_IRQHandler
                0x08003024                DMA2_Channel5_IRQHandler
                0x08003024                DMA1_Channel5_IRQHandler
                0x08003024                USB_LP_IRQHandler
                0x08003024                EXTI4_IRQHandler
                0x08003024                TIM1_TRG_COM_TIM17_IRQHandler
                0x08003024                DMA1_Channel3_IRQHandler
                0x08003024                ADC4_IRQHandler
                0x08003024                WWDG_IRQHandler
                0x08003024                COMP7_IRQHandler
                0x08003024                COMP1_2_3_IRQHandler
                0x08003024                EXTI1_IRQHandler
                0x08003024                USART2_IRQHandler
                0x08003024                COMP4_5_6_IRQHandler
                0x08003024                TIM20_BRK_IRQHandler
                0x08003024                I2C2_ER_IRQHandler
                0x08003024                DMA1_Channel2_IRQHandler
                0x08003024                TIM8_BRK_IRQHandler
                0x08003024                FLASH_IRQHandler
                0x08003024                TIM20_CC_IRQHandler
                0x08003024                USART1_IRQHandler
                0x08003024                SPI3_IRQHandler
                0x08003024                I2C1_ER_IRQHandler
                0x08003024                FMC_IRQHandler
                0x08003024                USBWakeUp_IRQHandler
                0x08003024                DMA2_Channel3_IRQHandler
                0x08003024                EXTI2_TSC_IRQHandler
 *fill*         0x08003026        0x2 
 .text.__libc_init_array
                0x08003028       0x48 c:/program files (x86)/atollic/truestudio for stm32 9.3.0/armtools/bin/../lib/gcc/arm-atollic-eabi/6.3.1/../../../../arm-atollic-eabi/lib/armv7e-m/fpu\libc_nano.a(lib_a-init.o)
                0x08003028                __libc_init_array
 .text.memset   0x08003070       0x10 c:/program files (x86)/atollic/truestudio for stm32 9.3.0/armtools/bin/../lib/gcc/arm-atollic-eabi/6.3.1/../../../../arm-atollic-eabi/lib/armv7e-m/fpu\libc_nano.a(lib_a-memset.o)
                0x08003070                memset
 *(.glue_7)
 .glue_7        0x08003080        0x0 linker stubs
 *(.glue_7t)
 .glue_7t       0x08003080        0x0 linker stubs
 *(.eh_frame)
 .eh_frame      0x08003080        0x0 c:/program files (x86)/atollic/truestudio for stm32 9.3.0/armtools/bin/../lib/gcc/arm-atollic-eabi/6.3.1/armv7e-m/fpu/crtbegin.o
 *(.init)
 .init          0x08003080        0x4 c:/program files (x86)/atollic/truestudio for stm32 9.3.0/armtools/bin/../lib/gcc/arm-atollic-eabi/6.3.1/armv7e-m/fpu/crti.o
                0x08003080                _init
 .init          0x08003084        0x8 c:/program files (x86)/atollic/truestudio for stm32 9.3.0/armtools/bin/../lib/gcc/arm-atollic-eabi/6.3.1/armv7e-m/fpu/crtn.o
 *(.fini)
 .fini          0x0800308c        0x4 c:/program files (x86)/atollic/truestudio for stm32 9.3.0/armtools/bin/../lib/gcc/arm-atollic-eabi/6.3.1/armv7e-m/fpu/crti.o
                0x0800308c                _fini
 .fini          0x08003090        0x8 c:/program files (x86)/atollic/truestudio for stm32 9.3.0/armtools/bin/../lib/gcc/arm-atollic-eabi/6.3.1/armv7e-m/fpu/crtn.o
                0x08003098                . = ALIGN (0x4)
                0x08003098                _etext = .

.vfp11_veneer   0x08003098        0x0
 .vfp11_veneer  0x08003098        0x0 linker stubs

.v4_bx          0x08003098        0x0
 .v4_bx         0x08003098        0x0 linker stubs

.iplt           0x08003098        0x0
 .iplt          0x08003098        0x0 c:/program files (x86)/atollic/truestudio for stm32 9.3.0/armtools/bin/../lib/gcc/arm-atollic-eabi/6.3.1/armv7e-m/fpu/crtbegin.o

.rodata         0x08003098       0x3c
                0x08003098                . = ALIGN (0x4)
 *(.rodata)
 *(.rodata*)
 .rodata.aPLLMULFactorTable
                0x08003098       0x10 Drivers\STM32F3xx_HAL_Driver\Src\stm32f3xx_hal_rcc.o
                0x08003098                aPLLMULFactorTable
 .rodata.aPredivFactorTable
                0x080030a8       0x10 Drivers\STM32F3xx_HAL_Driver\Src\stm32f3xx_hal_rcc.o
                0x080030a8                aPredivFactorTable
 .rodata.CSWTCH.45
                0x080030b8        0x4 Drivers\STM32F3xx_HAL_Driver\Src\stm32f3xx_hal_uart.o
 .rodata.AHBPrescTable
                0x080030bc       0x10 Src\system_stm32f3xx.o
                0x080030bc                AHBPrescTable
 .rodata.APBPrescTable
                0x080030cc        0x8 Src\system_stm32f3xx.o
                0x080030cc                APBPrescTable
                0x080030d4                . = ALIGN (0x4)

.rel.dyn        0x080030d4        0x0
 .rel.iplt      0x080030d4        0x0 c:/program files (x86)/atollic/truestudio for stm32 9.3.0/armtools/bin/../lib/gcc/arm-atollic-eabi/6.3.1/armv7e-m/fpu/crtbegin.o

.ARM.extab
 *(.ARM.extab* .gnu.linkonce.armextab.*)

.ARM            0x080030d4        0x0
                0x080030d4                __exidx_start = .
 *(.ARM.exidx*)
                0x080030d4                __exidx_end = .

.preinit_array  0x080030d4        0x0
                0x080030d4                PROVIDE (__preinit_array_start, .)
 *(.preinit_array*)
                0x080030d4                PROVIDE (__preinit_array_end, .)

.init_array     0x080030d4        0x4
                0x080030d4                PROVIDE (__init_array_start, .)
 *(SORT(.init_array.*))
 *(.init_array*)
 .init_array    0x080030d4        0x4 c:/program files (x86)/atollic/truestudio for stm32 9.3.0/armtools/bin/../lib/gcc/arm-atollic-eabi/6.3.1/armv7e-m/fpu/crtbegin.o
                0x080030d8                PROVIDE (__init_array_end, .)

.fini_array     0x080030d8        0x4
                [!provide]                PROVIDE (__fini_array_start, .)
 *(SORT(.fini_array.*))
 *(.fini_array*)
 .fini_array    0x080030d8        0x4 c:/program files (x86)/atollic/truestudio for stm32 9.3.0/armtools/bin/../lib/gcc/arm-atollic-eabi/6.3.1/armv7e-m/fpu/crtbegin.o
                [!provide]                PROVIDE (__fini_array_end, .)
                0x080030dc                _sidata = LOADADDR (.data)

.data           0x20000000        0xc load address 0x080030dc
                0x20000000                . = ALIGN (0x4)
                0x20000000                _sdata = .
 *(.data)
 *(.data*)
 .data.uwTickFreq
                0x20000000        0x1 Drivers\STM32F3xx_HAL_Driver\Src\stm32f3xx_hal.o
                0x20000000                uwTickFreq
 *fill*         0x20000001        0x3 
 .data.uwTickPrio
                0x20000004        0x4 Drivers\STM32F3xx_HAL_Driver\Src\stm32f3xx_hal.o
                0x20000004                uwTickPrio
 .data.SystemCoreClock
                0x20000008        0x4 Src\system_stm32f3xx.o
                0x20000008                SystemCoreClock
                0x2000000c                . = ALIGN (0x4)
                0x2000000c                _edata = .
                0x080030e8                _siccmram = LOADADDR (.ccmram)

.igot.plt       0x2000000c        0x0 load address 0x080030e8
 .igot.plt      0x2000000c        0x0 c:/program files (x86)/atollic/truestudio for stm32 9.3.0/armtools/bin/../lib/gcc/arm-atollic-eabi/6.3.1/armv7e-m/fpu/crtbegin.o

.ccmram         0x10000000        0x0 load address 0x080030e8
                0x10000000                . = ALIGN (0x4)
                0x10000000                _sccmram = .
 *(.ccmram)
 *(.ccmram*)
                0x10000000                . = ALIGN (0x4)
                0x10000000                _eccmram = .
                0x10000000                . = ALIGN (0x4)

.bss            0x20000010      0x260
                0x20000010                _sbss = .
                0x20000010                __bss_start__ = _sbss
 *(.bss)
 .bss           0x20000010       0x1c c:/program files (x86)/atollic/truestudio for stm32 9.3.0/armtools/bin/../lib/gcc/arm-atollic-eabi/6.3.1/armv7e-m/fpu/crtbegin.o
 *(.bss*)
 *(COMMON)
 COMMON         0x2000002c        0x4 Drivers\STM32F3xx_HAL_Driver\Src\stm32f3xx_hal.o
                0x2000002c                uwTick
 COMMON         0x20000030      0x240 Src\main.o
                0x20000030                integer
                0x20000034                turnleft
                0x20000038                htim8
                0x20000078                cnt2
                0x2000007c                point2
                0x20000080                htim4
                0x200000c0                htim15
                0x20000100                cnt
                0x20000108                right
                0x20000110                point
                0x20000114                htim3
                0x20000158                left
                0x20000160                integer1
                0x20000168                center
                0x20000170                htim1
                0x200001b0                integer2
                0x200001b4                turnright
                0x200001b8                point1
                0x200001bc                htim2
                0x200001fc                huart2
                0x2000026c                cnt1
                0x20000270                . = ALIGN (0x4)
                0x20000270                _ebss = .
                0x20000270                __bss_end__ = _ebss

._user_heap_stack
                0x20000270      0x600
                0x20000270                . = ALIGN (0x4)
                0x20000270                PROVIDE (end, .)
                [!provide]                PROVIDE (_end, .)
                0x20000470                . = (. + _Min_Heap_Size)
 *fill*         0x20000270      0x200 
                0x20000870                . = (. + _Min_Stack_Size)
 *fill*         0x20000470      0x400 
                0x20000870                . = ALIGN (0x4)

/DISCARD/
 libc.a(*)
 libm.a(*)
 libgcc.a(*)

.ARM.attributes
                0x00000000       0x30
 *(.ARM.attributes)
 .ARM.attributes
                0x00000000       0x22 c:/program files (x86)/atollic/truestudio for stm32 9.3.0/armtools/bin/../lib/gcc/arm-atollic-eabi/6.3.1/armv7e-m/fpu/crti.o
 .ARM.attributes
                0x00000022       0x34 c:/program files (x86)/atollic/truestudio for stm32 9.3.0/armtools/bin/../lib/gcc/arm-atollic-eabi/6.3.1/armv7e-m/fpu/crtbegin.o
 .ARM.attributes
                0x00000056       0x39 Drivers\STM32F3xx_HAL_Driver\Src\stm32f3xx_hal.o
 .ARM.attributes
                0x0000008f       0x39 Drivers\STM32F3xx_HAL_Driver\Src\stm32f3xx_hal_cortex.o
 .ARM.attributes
                0x000000c8       0x39 Drivers\STM32F3xx_HAL_Driver\Src\stm32f3xx_hal_gpio.o
 .ARM.attributes
                0x00000101       0x39 Drivers\STM32F3xx_HAL_Driver\Src\stm32f3xx_hal_rcc.o
 .ARM.attributes
                0x0000013a       0x39 Drivers\STM32F3xx_HAL_Driver\Src\stm32f3xx_hal_rcc_ex.o
 .ARM.attributes
                0x00000173       0x39 Drivers\STM32F3xx_HAL_Driver\Src\stm32f3xx_hal_tim.o
 .ARM.attributes
                0x000001ac       0x39 Drivers\STM32F3xx_HAL_Driver\Src\stm32f3xx_hal_tim_ex.o
 .ARM.attributes
                0x000001e5       0x39 Drivers\STM32F3xx_HAL_Driver\Src\stm32f3xx_hal_uart.o
 .ARM.attributes
                0x0000021e       0x39 Src\main.o
 .ARM.attributes
                0x00000257       0x39 Src\stm32f3xx_hal_msp.o
 .ARM.attributes
                0x00000290       0x39 Src\stm32f3xx_it.o
 .ARM.attributes
                0x000002c9       0x39 Src\system_stm32f3xx.o
 .ARM.attributes
                0x00000302       0x21 startup\startup_stm32f303xe.o
 .ARM.attributes
                0x00000323       0x34 c:/program files (x86)/atollic/truestudio for stm32 9.3.0/armtools/bin/../lib/gcc/arm-atollic-eabi/6.3.1/../../../../arm-atollic-eabi/lib/armv7e-m/fpu\libc_nano.a(lib_a-init.o)
 .ARM.attributes
                0x00000357       0x34 c:/program files (x86)/atollic/truestudio for stm32 9.3.0/armtools/bin/../lib/gcc/arm-atollic-eabi/6.3.1/../../../../arm-atollic-eabi/lib/armv7e-m/fpu\libc_nano.a(lib_a-memset.o)
 .ARM.attributes
                0x0000038b       0x22 c:/program files (x86)/atollic/truestudio for stm32 9.3.0/armtools/bin/../lib/gcc/arm-atollic-eabi/6.3.1/armv7e-m/fpu\libgcc.a(_arm_addsubdf3.o)
 .ARM.attributes
                0x000003ad       0x22 c:/program files (x86)/atollic/truestudio for stm32 9.3.0/armtools/bin/../lib/gcc/arm-atollic-eabi/6.3.1/armv7e-m/fpu\libgcc.a(_arm_muldivdf3.o)
 .ARM.attributes
                0x000003cf       0x22 c:/program files (x86)/atollic/truestudio for stm32 9.3.0/armtools/bin/../lib/gcc/arm-atollic-eabi/6.3.1/armv7e-m/fpu\libgcc.a(_arm_cmpdf2.o)
 .ARM.attributes
                0x000003f1       0x22 c:/program files (x86)/atollic/truestudio for stm32 9.3.0/armtools/bin/../lib/gcc/arm-atollic-eabi/6.3.1/armv7e-m/fpu\libgcc.a(_arm_fixdfsi.o)
 .ARM.attributes
                0x00000413       0x22 c:/program files (x86)/atollic/truestudio for stm32 9.3.0/armtools/bin/../lib/gcc/arm-atollic-eabi/6.3.1/armv7e-m/fpu/crtn.o
OUTPUT(one_sensor_pwm.elf elf32-littlearm)

.debug_info     0x00000000    0x139cb
 .debug_info    0x00000000     0x10e4 Drivers\STM32F3xx_HAL_Driver\Src\stm32f3xx_hal.o
 .debug_info    0x000010e4     0x1732 Drivers\STM32F3xx_HAL_Driver\Src\stm32f3xx_hal_cortex.o
 .debug_info    0x00002816      0xfec Drivers\STM32F3xx_HAL_Driver\Src\stm32f3xx_hal_gpio.o
 .debug_info    0x00003802     0x1bc3 Drivers\STM32F3xx_HAL_Driver\Src\stm32f3xx_hal_rcc.o
 .debug_info    0x000053c5      0xfa7 Drivers\STM32F3xx_HAL_Driver\Src\stm32f3xx_hal_rcc_ex.o
 .debug_info    0x0000636c     0x3d64 Drivers\STM32F3xx_HAL_Driver\Src\stm32f3xx_hal_tim.o
 .debug_info    0x0000a0d0     0x1d97 Drivers\STM32F3xx_HAL_Driver\Src\stm32f3xx_hal_tim_ex.o
 .debug_info    0x0000be67     0x2275 Drivers\STM32F3xx_HAL_Driver\Src\stm32f3xx_hal_uart.o
 .debug_info    0x0000e0dc     0x2299 Src\main.o
 .debug_info    0x00010375     0x1a08 Src\stm32f3xx_hal_msp.o
 .debug_info    0x00011d7d      0xf5f Src\stm32f3xx_it.o
 .debug_info    0x00012cdc      0xc74 Src\system_stm32f3xx.o
 .debug_info    0x00013950       0x7b startup\startup_stm32f303xe.o

.debug_abbrev   0x00000000     0x236f
 .debug_abbrev  0x00000000      0x2f5 Drivers\STM32F3xx_HAL_Driver\Src\stm32f3xx_hal.o
 .debug_abbrev  0x000002f5      0x37d Drivers\STM32F3xx_HAL_Driver\Src\stm32f3xx_hal_cortex.o
 .debug_abbrev  0x00000672      0x268 Drivers\STM32F3xx_HAL_Driver\Src\stm32f3xx_hal_gpio.o
 .debug_abbrev  0x000008da      0x358 Drivers\STM32F3xx_HAL_Driver\Src\stm32f3xx_hal_rcc.o
 .debug_abbrev  0x00000c32      0x329 Drivers\STM32F3xx_HAL_Driver\Src\stm32f3xx_hal_rcc_ex.o
 .debug_abbrev  0x00000f5b      0x3ab Drivers\STM32F3xx_HAL_Driver\Src\stm32f3xx_hal_tim.o
 .debug_abbrev  0x00001306      0x30d Drivers\STM32F3xx_HAL_Driver\Src\stm32f3xx_hal_tim_ex.o
 .debug_abbrev  0x00001613      0x384 Drivers\STM32F3xx_HAL_Driver\Src\stm32f3xx_hal_uart.o
 .debug_abbrev  0x00001997      0x32b Src\main.o
 .debug_abbrev  0x00001cc2      0x299 Src\stm32f3xx_hal_msp.o
 .debug_abbrev  0x00001f5b      0x220 Src\stm32f3xx_it.o
 .debug_abbrev  0x0000217b      0x1e2 Src\system_stm32f3xx.o
 .debug_abbrev  0x0000235d       0x12 startup\startup_stm32f303xe.o

.debug_loc      0x00000000     0x7187
 .debug_loc     0x00000000      0x11b Drivers\STM32F3xx_HAL_Driver\Src\stm32f3xx_hal.o
 .debug_loc     0x0000011b      0x4fb Drivers\STM32F3xx_HAL_Driver\Src\stm32f3xx_hal_cortex.o
 .debug_loc     0x00000616      0x2b7 Drivers\STM32F3xx_HAL_Driver\Src\stm32f3xx_hal_gpio.o
 .debug_loc     0x000008cd      0x962 Drivers\STM32F3xx_HAL_Driver\Src\stm32f3xx_hal_rcc.o
 .debug_loc     0x0000122f      0x858 Drivers\STM32F3xx_HAL_Driver\Src\stm32f3xx_hal_rcc_ex.o
 .debug_loc     0x00001a87     0x31c6 Drivers\STM32F3xx_HAL_Driver\Src\stm32f3xx_hal_tim.o
 .debug_loc     0x00004c4d      0xe98 Drivers\STM32F3xx_HAL_Driver\Src\stm32f3xx_hal_tim_ex.o
 .debug_loc     0x00005ae5     0x1431 Drivers\STM32F3xx_HAL_Driver\Src\stm32f3xx_hal_uart.o
 .debug_loc     0x00006f16       0x5e Src\main.o
 .debug_loc     0x00006f74      0x11e Src\stm32f3xx_hal_msp.o
 .debug_loc     0x00007092       0xf5 Src\system_stm32f3xx.o

.debug_aranges  0x00000000      0x900
 .debug_aranges
                0x00000000       0xd8 Drivers\STM32F3xx_HAL_Driver\Src\stm32f3xx_hal.o
 .debug_aranges
                0x000000d8       0xa8 Drivers\STM32F3xx_HAL_Driver\Src\stm32f3xx_hal_cortex.o
 .debug_aranges
                0x00000180       0x58 Drivers\STM32F3xx_HAL_Driver\Src\stm32f3xx_hal_gpio.o
 .debug_aranges
                0x000001d8       0x88 Drivers\STM32F3xx_HAL_Driver\Src\stm32f3xx_hal_rcc.o
 .debug_aranges
                0x00000260       0x38 Drivers\STM32F3xx_HAL_Driver\Src\stm32f3xx_hal_rcc_ex.o
 .debug_aranges
                0x00000298      0x268 Drivers\STM32F3xx_HAL_Driver\Src\stm32f3xx_hal_tim.o
 .debug_aranges
                0x00000500      0x120 Drivers\STM32F3xx_HAL_Driver\Src\stm32f3xx_hal_tim_ex.o
 .debug_aranges
                0x00000620      0x1a0 Drivers\STM32F3xx_HAL_Driver\Src\stm32f3xx_hal_uart.o
 .debug_aranges
                0x000007c0       0x38 Src\main.o
 .debug_aranges
                0x000007f8       0x58 Src\stm32f3xx_hal_msp.o
 .debug_aranges
                0x00000850       0x60 Src\stm32f3xx_it.o
 .debug_aranges
                0x000008b0       0x28 Src\system_stm32f3xx.o
 .debug_aranges
                0x000008d8       0x28 startup\startup_stm32f303xe.o

.debug_ranges   0x00000000      0xd40
 .debug_ranges  0x00000000       0xc8 Drivers\STM32F3xx_HAL_Driver\Src\stm32f3xx_hal.o
 .debug_ranges  0x000000c8      0x138 Drivers\STM32F3xx_HAL_Driver\Src\stm32f3xx_hal_cortex.o
 .debug_ranges  0x00000200       0x68 Drivers\STM32F3xx_HAL_Driver\Src\stm32f3xx_hal_gpio.o
 .debug_ranges  0x00000268      0x1f0 Drivers\STM32F3xx_HAL_Driver\Src\stm32f3xx_hal_rcc.o
 .debug_ranges  0x00000458       0x90 Drivers\STM32F3xx_HAL_Driver\Src\stm32f3xx_hal_rcc_ex.o
 .debug_ranges  0x000004e8      0x348 Drivers\STM32F3xx_HAL_Driver\Src\stm32f3xx_hal_tim.o
 .debug_ranges  0x00000830      0x110 Drivers\STM32F3xx_HAL_Driver\Src\stm32f3xx_hal_tim_ex.o
 .debug_ranges  0x00000940      0x190 Drivers\STM32F3xx_HAL_Driver\Src\stm32f3xx_hal_uart.o
 .debug_ranges  0x00000ad0       0xd8 Src\main.o
 .debug_ranges  0x00000ba8      0x110 Src\stm32f3xx_hal_msp.o
 .debug_ranges  0x00000cb8       0x50 Src\stm32f3xx_it.o
 .debug_ranges  0x00000d08       0x18 Src\system_stm32f3xx.o
 .debug_ranges  0x00000d20       0x20 startup\startup_stm32f303xe.o

.debug_line     0x00000000     0x54fa
 .debug_line    0x00000000      0x47d Drivers\STM32F3xx_HAL_Driver\Src\stm32f3xx_hal.o
 .debug_line    0x0000047d      0x4db Drivers\STM32F3xx_HAL_Driver\Src\stm32f3xx_hal_cortex.o
 .debug_line    0x00000958      0x483 Drivers\STM32F3xx_HAL_Driver\Src\stm32f3xx_hal_gpio.o
 .debug_line    0x00000ddb      0x89a Drivers\STM32F3xx_HAL_Driver\Src\stm32f3xx_hal_rcc.o
 .debug_line    0x00001675      0x596 Drivers\STM32F3xx_HAL_Driver\Src\stm32f3xx_hal_rcc_ex.o
 .debug_line    0x00001c0b     0x12da Drivers\STM32F3xx_HAL_Driver\Src\stm32f3xx_hal_tim.o
 .debug_line    0x00002ee5      0x904 Drivers\STM32F3xx_HAL_Driver\Src\stm32f3xx_hal_tim_ex.o
 .debug_line    0x000037e9      0xd5c Drivers\STM32F3xx_HAL_Driver\Src\stm32f3xx_hal_uart.o
 .debug_line    0x00004545      0x525 Src\main.o
 .debug_line    0x00004a6a      0x428 Src\stm32f3xx_hal_msp.o
 .debug_line    0x00004e92      0x340 Src\stm32f3xx_it.o
 .debug_line    0x000051d2      0x2a9 Src\system_stm32f3xx.o
 .debug_line    0x0000547b       0x7f startup\startup_stm32f303xe.o

.debug_str      0x00000000     0x3cde
 .debug_str     0x00000000      0xdf9 Drivers\STM32F3xx_HAL_Driver\Src\stm32f3xx_hal.o
                                0xe9a (size before relaxing)
 .debug_str     0x00000df9      0x3f0 Drivers\STM32F3xx_HAL_Driver\Src\stm32f3xx_hal_cortex.o
                               0x10b8 (size before relaxing)
 .debug_str     0x000011e9      0x248 Drivers\STM32F3xx_HAL_Driver\Src\stm32f3xx_hal_gpio.o
                                0x9d0 (size before relaxing)
 .debug_str     0x00001431      0x30d Drivers\STM32F3xx_HAL_Driver\Src\stm32f3xx_hal_rcc.o
                                0xb2f (size before relaxing)
 .debug_str     0x0000173e      0x2b9 Drivers\STM32F3xx_HAL_Driver\Src\stm32f3xx_hal_rcc_ex.o
                                0xac3 (size before relaxing)
 .debug_str     0x000019f7     0x1150 Drivers\STM32F3xx_HAL_Driver\Src\stm32f3xx_hal_tim.o
                               0x18d4 (size before relaxing)
 .debug_str     0x00002b47      0x5a3 Drivers\STM32F3xx_HAL_Driver\Src\stm32f3xx_hal_tim_ex.o
                               0x130f (size before relaxing)
 .debug_str     0x000030ea      0x937 Drivers\STM32F3xx_HAL_Driver\Src\stm32f3xx_hal_uart.o
                               0x134c (size before relaxing)
 .debug_str     0x00003a21      0x161 Src\main.o
                               0x156a (size before relaxing)
 .debug_str     0x00003b82       0x2c Src\stm32f3xx_hal_msp.o
                               0x13aa (size before relaxing)
 .debug_str     0x00003bae       0xe0 Src\stm32f3xx_it.o
                                0xb83 (size before relaxing)
 .debug_str     0x00003c8e       0x50 Src\system_stm32f3xx.o
                                0x7b4 (size before relaxing)

.comment        0x00000000       0x7c
 .comment       0x00000000       0x7c Drivers\STM32F3xx_HAL_Driver\Src\stm32f3xx_hal.o
                                 0x7d (size before relaxing)
 .comment       0x0000007c       0x7d Drivers\STM32F3xx_HAL_Driver\Src\stm32f3xx_hal_cortex.o
 .comment       0x0000007c       0x7d Drivers\STM32F3xx_HAL_Driver\Src\stm32f3xx_hal_gpio.o
 .comment       0x0000007c       0x7d Drivers\STM32F3xx_HAL_Driver\Src\stm32f3xx_hal_rcc.o
 .comment       0x0000007c       0x7d Drivers\STM32F3xx_HAL_Driver\Src\stm32f3xx_hal_rcc_ex.o
 .comment       0x0000007c       0x7d Drivers\STM32F3xx_HAL_Driver\Src\stm32f3xx_hal_tim.o
 .comment       0x0000007c       0x7d Drivers\STM32F3xx_HAL_Driver\Src\stm32f3xx_hal_tim_ex.o
 .comment       0x0000007c       0x7d Drivers\STM32F3xx_HAL_Driver\Src\stm32f3xx_hal_uart.o
 .comment       0x0000007c       0x7d Src\main.o
 .comment       0x0000007c       0x7d Src\stm32f3xx_hal_msp.o
 .comment       0x0000007c       0x7d Src\stm32f3xx_it.o
 .comment       0x0000007c       0x7d Src\system_stm32f3xx.o

.debug_frame    0x00000000     0x1ca8
 .debug_frame   0x00000000      0x1d0 Drivers\STM32F3xx_HAL_Driver\Src\stm32f3xx_hal.o
 .debug_frame   0x000001d0      0x158 Drivers\STM32F3xx_HAL_Driver\Src\stm32f3xx_hal_cortex.o
 .debug_frame   0x00000328       0xd8 Drivers\STM32F3xx_HAL_Driver\Src\stm32f3xx_hal_gpio.o
 .debug_frame   0x00000400      0x144 Drivers\STM32F3xx_HAL_Driver\Src\stm32f3xx_hal_rcc.o
 .debug_frame   0x00000544       0xb8 Drivers\STM32F3xx_HAL_Driver\Src\stm32f3xx_hal_rcc_ex.o
 .debug_frame   0x000005fc      0x8b0 Drivers\STM32F3xx_HAL_Driver\Src\stm32f3xx_hal_tim.o
 .debug_frame   0x00000eac      0x3e4 Drivers\STM32F3xx_HAL_Driver\Src\stm32f3xx_hal_tim_ex.o
 .debug_frame   0x00001290      0x568 Drivers\STM32F3xx_HAL_Driver\Src\stm32f3xx_hal_uart.o
 .debug_frame   0x000017f8       0x80 Src\main.o
 .debug_frame   0x00001878       0xec Src\stm32f3xx_hal_msp.o
 .debug_frame   0x00001964       0xdc Src\stm32f3xx_it.o
 .debug_frame   0x00001a40       0x38 Src\system_stm32f3xx.o
 .debug_frame   0x00001a78       0x2c c:/program files (x86)/atollic/truestudio for stm32 9.3.0/armtools/bin/../lib/gcc/arm-atollic-eabi/6.3.1/../../../../arm-atollic-eabi/lib/armv7e-m/fpu\libc_nano.a(lib_a-init.o)
 .debug_frame   0x00001aa4       0x20 c:/program files (x86)/atollic/truestudio for stm32 9.3.0/armtools/bin/../lib/gcc/arm-atollic-eabi/6.3.1/../../../../arm-atollic-eabi/lib/armv7e-m/fpu\libc_nano.a(lib_a-memset.o)
 .debug_frame   0x00001ac4       0xac c:/program files (x86)/atollic/truestudio for stm32 9.3.0/armtools/bin/../lib/gcc/arm-atollic-eabi/6.3.1/armv7e-m/fpu\libgcc.a(_arm_addsubdf3.o)
 .debug_frame   0x00001b70       0x50 c:/program files (x86)/atollic/truestudio for stm32 9.3.0/armtools/bin/../lib/gcc/arm-atollic-eabi/6.3.1/armv7e-m/fpu\libgcc.a(_arm_muldivdf3.o)
 .debug_frame   0x00001bc0       0xc4 c:/program files (x86)/atollic/truestudio for stm32 9.3.0/armtools/bin/../lib/gcc/arm-atollic-eabi/6.3.1/armv7e-m/fpu\libgcc.a(_arm_cmpdf2.o)
 .debug_frame   0x00001c84       0x24 c:/program files (x86)/atollic/truestudio for stm32 9.3.0/armtools/bin/../lib/gcc/arm-atollic-eabi/6.3.1/armv7e-m/fpu\libgcc.a(_arm_fixdfsi.o)
